// Jest Snapshot v1, https://goo.gl/fbAQLP

exports[`App renders correctly 1`] = `
<div
  className="dark"
>
  <div
    className="bg-white dark:bg-gray-900 w-full"
  >
    <nav
      className="px-4 py-3 dark:bg-gray-900 bg-gray-200 shadow-lg sticky top-0 z-10"
    >
      <div
        className="container flex justify-between mx-auto"
      >
        <a
          aria-current="page"
          className="text-2xl font-bold text-gray-800 dark:text-white lg:text-3xl hover:text-gray-700 dark:hover:text-gray-300 italic active"
          href="/"
          onClick={[Function]}
        >
          Crypto Tracker
        </a>
        <div
          className="flex space-x-4"
        >
          <button
            className="text-gray-800 dark:text-white p-2 hover:bg-white/20 rounded-full"
            onClick={[Function]}
            type="button"
          >
            <svg
              fill="currentColor"
              height={25}
              stroke="currentColor"
              strokeWidth="0"
              style={
                Object {
                  "color": undefined,
                }
              }
              viewBox="0 0 16 16"
              width={25}
              xmlns="http://www.w3.org/2000/svg"
            >
              <path
                d="M8 12a4 4 0 1 0 0-8 4 4 0 0 0 0 8zM8 0a.5.5 0 0 1 .5.5v2a.5.5 0 0 1-1 0v-2A.5.5 0 0 1 8 0zm0 13a.5.5 0 0 1 .5.5v2a.5.5 0 0 1-1 0v-2A.5.5 0 0 1 8 13zm8-5a.5.5 0 0 1-.5.5h-2a.5.5 0 0 1 0-1h2a.5.5 0 0 1 .5.5zM3 8a.5.5 0 0 1-.5.5h-2a.5.5 0 0 1 0-1h2A.5.5 0 0 1 3 8zm10.657-5.657a.5.5 0 0 1 0 .707l-1.414 1.415a.5.5 0 1 1-.707-.708l1.414-1.414a.5.5 0 0 1 .707 0zm-9.193 9.193a.5.5 0 0 1 0 .707L3.05 13.657a.5.5 0 0 1-.707-.707l1.414-1.414a.5.5 0 0 1 .707 0zm9.193 2.121a.5.5 0 0 1-.707 0l-1.414-1.414a.5.5 0 0 1 .707-.707l1.414 1.414a.5.5 0 0 1 0 .707zM4.464 4.465a.5.5 0 0 1-.707 0L2.343 3.05a.5.5 0 1 1 .707-.707l1.414 1.414a.5.5 0 0 1 0 .708z"
              />
            </svg>
          </button>
        </div>
      </div>
    </nav>
    <div
      className="w-full mx-auto min-h-screen dark:bg-gray-800 bg-white"
    >
      <h1
        className="text-4xl dark:text-gray-900  my-2 font-bold text-center"
      >
        Cryptos
      </h1>
      <div
        className="container mx-auto px-4 mb-4"
      >
        <div
          className="w-full my-2 py-2"
        >
          <div
            className="w-full py-4 bg-gray-200 dark:bg-gray-700 rounded-lg shadow-md p-4 sticky top-40 z-5"
          >
            <input
              className="w-full bg-gray-200 dark:bg-gray-800  text-gray-500 rounded-lg shadow-md p-4"
              onChange={[Function]}
              placeholder="Search"
              type="text"
            />
          </div>
        </div>
        <div
          className="grid grid-cols-2 md:grid-cols-2 lg:grid-cols-3 gap-4"
        />
      </div>
    </div>
  </div>
</div>
`;
