// Jest Snapshot v1, https://goo.gl/fbAQLP

exports[`Cryptos renders correctly 1`] = `
<div
  className="w-full mx-auto min-h-screen dark:bg-gray-800 bg-white"
>
  <h1
    className="text-4xl dark:text-gray-900  my-2 font-bold text-center"
  >
    Cryptos
  </h1>
  <div
    className="container mx-auto px-4 mb-4"
  >
    <div
      className="w-full my-2 py-2"
    >
      <div
        className="w-full py-4 bg-gray-200 dark:bg-gray-700 rounded-lg shadow-md p-4 sticky top-40 z-5"
      >
        <input
          className="w-full bg-gray-200 dark:bg-gray-800  text-gray-500 rounded-lg shadow-md p-4"
          onChange={[Function]}
          placeholder="Search"
          type="text"
        />
      </div>
    </div>
    <div
      className="grid grid-cols-2 md:grid-cols-2 lg:grid-cols-3 gap-4"
    />
  </div>
</div>
`;
